\BOOKMARK [0][]{Doc-Start}{\376\377\144\130\000\040\211\201}{}% 1
\BOOKMARK [0][]{Doc-Start}{\376\377\000A\000b\000s\000t\000r\000a\000c\000t}{}% 2
\BOOKMARK [0][]{thuchapter.1.0}{\376\377\166\356\137\125}{}% 3
\BOOKMARK [0][]{chapter.1}{\376\377\173\054\0001\172\340\000\040\137\025\212\000}{}% 4
\BOOKMARK [1][-]{section.1.1}{\376\377\0001\000.\0001\000\040\230\171\166\356\200\314\146\157}{chapter.1}% 5
\BOOKMARK [1][-]{section.1.2}{\376\377\0001\000.\0002\000\040\230\171\166\356\166\356\150\007}{chapter.1}% 6
\BOOKMARK [1][-]{section.1.3}{\376\377\0001\000.\0003\000\040\126\342\226\037\122\006\135\345\116\016\176\304\176\307\176\323\147\204}{chapter.1}% 7
\BOOKMARK [1][-]{section.1.4}{\376\377\0001\000.\0004\000\040\147\054\145\207\176\304\176\307\176\323\147\204}{chapter.1}% 8
\BOOKMARK [0][]{chapter.2}{\376\377\173\054\0002\172\340\000\040\166\370\121\163\142\200\147\057\151\202\217\360}{}% 9
\BOOKMARK [1][-]{section.2.1}{\376\377\0002\000.\0001\000\040\000S\000p\000r\000i\000n\000g\000\040\000B\000o\000o\000t\000\040\0003\000.\0002\000.\0005}{chapter.2}% 10
\BOOKMARK [1][-]{section.2.2}{\376\377\0002\000.\0002\000\040\000S\000p\000r\000i\000n\000g\000\040\000C\000l\000o\000u\000d\000\040\000\050\000N\000a\000c\000o\000s\000\040\000\046\000\040\000G\000a\000t\000e\000w\000a\000y\000\040\000\046\000\040\000O\000p\000e\000n\000F\000e\000i\000g\000n\000\051}{chapter.2}% 11
\BOOKMARK [1][-]{section.2.3}{\376\377\0002\000.\0003\000\040\000R\000u\000o\000Y\000i\000\040\000V\000u\000e\0003\000\040\124\016\123\360\150\106\147\266}{chapter.2}% 12
\BOOKMARK [1][-]{section.2.4}{\376\377\0002\000.\0004\000\040\000M\000y\000S\000Q\000L\000\040\116\016\000\040\000M\000y\000B\000a\000t\000i\000s\000-\000P\000l\000u\000s}{chapter.2}% 13
\BOOKMARK [1][-]{section.2.5}{\376\377\0002\000.\0005\000\040\000R\000e\000d\000i\000s\000\040\177\023\133\130\116\055\225\364\116\366}{chapter.2}% 14
\BOOKMARK [1][-]{section.2.6}{\376\377\0002\000.\0006\000\040\000R\000a\000b\000b\000i\000t\000M\000Q\000\040\155\210\140\157\226\037\122\027}{chapter.2}% 15
\BOOKMARK [1][-]{section.2.7}{\376\377\0002\000.\0007\000\040\000M\000i\000n\000I\000O\000\040\147\054\127\060\133\371\214\141\133\130\120\250}{chapter.2}% 16
\BOOKMARK [1][-]{section.2.8}{\376\377\0002\000.\0008\000\040\000W\000e\000b\000S\000o\000c\000k\000e\000t\000\040\133\236\145\366\143\250\220\001\142\200\147\057}{chapter.2}% 17
\BOOKMARK [1][-]{section.2.9}{\376\377\0002\000.\0009\000\040\000P\000M\0002\000\040\217\333\172\013\173\241\164\006\126\150}{chapter.2}% 18
\BOOKMARK [1][-]{section.2.10}{\376\377\0002\000.\0001\0000\000\040\000N\000e\000w\000m\000a\000n\000\040\116\016\000\040\000P\000l\000a\000y\000w\000r\000i\000g\000h\000t\000\040\215\050\221\317\143\247\122\066\117\123\174\373}{chapter.2}% 19
\BOOKMARK [0][]{chapter.3}{\376\377\173\054\0003\172\340\000\040\174\373\176\337\122\006\147\220\116\016\213\276\213\241}{}% 20
\BOOKMARK [1][-]{section.3.1}{\376\377\0003\000.\0001\000\040\174\373\176\337\165\050\117\213\122\006\147\220}{chapter.3}% 21
\BOOKMARK [1][-]{section.3.2}{\376\377\0003\000.\0002\000\040\145\160\143\156\152\041\127\213\116\016\000E\000-\000R\126\376\213\276\213\241}{chapter.3}% 22
\BOOKMARK [1][-]{section.3.3}{\376\377\0003\000.\0003\000\040\142\200\147\057\220\011\127\213\116\016\174\373\176\337\147\266\147\204\213\276\213\241}{chapter.3}% 23
\BOOKMARK [1][-]{section.3.4}{\376\377\0003\000.\0004\000\040\147\015\122\241\152\041\127\127\122\022\122\006}{chapter.3}% 24
\BOOKMARK [1][-]{section.3.5}{\376\377\0003\000.\0005\000\040\150\070\137\303\116\032\122\241\155\101\172\013\116\016\162\266\140\001\147\072\213\276\213\241}{chapter.3}% 25
\BOOKMARK [0][]{chapter.4}{\376\377\173\054\0004\172\340\000\040\174\373\176\337\133\236\163\260}{}% 26
\BOOKMARK [1][-]{section.4.1}{\376\377\0004\000.\0001\000\040\173\241\164\006\124\016\123\360\116\016\217\320\204\045\145\160\143\156\131\047\134\117\133\236\163\260}{chapter.4}% 27
\BOOKMARK [1][-]{section.4.2}{\376\377\0004\000.\0002\000\040\154\064\147\234\122\006\174\173\060\001\124\301\171\315\173\241\164\006\116\016\000\040\000A\000O\000P\000\040\201\352\122\250\130\153\121\105\133\236\163\260}{chapter.4}% 28
\BOOKMARK [1][-]{section.4.3}{\376\377\0004\000.\0003\000\040\213\242\123\125\116\016\152\041\142\337\145\057\116\330\225\355\163\257\377\010\000O\000p\000e\000n\000F\000e\000i\000g\000n\000\040\217\334\172\013\162\266\140\001\214\003\165\050\377\011}{chapter.4}% 29
\BOOKMARK [1][-]{section.4.4}{\376\377\0004\000.\0004\000\040\000W\000e\000b\000S\000o\000c\000k\000e\000t\000\040\155\210\140\157\136\177\144\255\116\016\000\040\000R\000a\000b\000b\000i\000t\000M\000Q\000\040\211\343\200\046\133\236\163\260}{chapter.4}% 30
\BOOKMARK [1][-]{section.4.5}{\376\377\0004\000.\0005\000\040\147\054\127\060\000\040\000P\000M\0002\000\040\225\177\217\320\210\114\217\333\172\013\142\130\173\241\133\236\163\260}{chapter.4}% 31
\BOOKMARK [0][]{chapter.5}{\376\377\173\054\0005\172\340\000\040\174\373\176\337\155\113\213\325\116\016\147\015\122\241\232\214\145\066}{}% 32
\BOOKMARK [1][-]{section.5.1}{\376\377\0005\000.\0001\000\040\143\245\123\343\201\352\122\250\123\026\155\113\213\325\116\016\000\040\000N\000e\000w\000m\000a\000n\000\040\232\214\213\301}{chapter.5}% 33
\BOOKMARK [1][-]{section.5.2}{\376\377\0005\000.\0002\000\040\000P\000l\000a\000y\000w\000r\000i\000g\000h\000t\000\040\150\070\137\303\225\355\163\257\172\357\122\060\172\357\377\010\000E\0002\000E\377\011\155\113\213\325}{chapter.5}% 34
\BOOKMARK [1][-]{section.5.3}{\376\377\0005\000.\0003\000\040\137\256\147\015\122\241\120\145\136\267\166\321\143\247\116\016\121\150\134\100\167\013\147\177}{chapter.5}% 35
\BOOKMARK [0][]{chapter.6}{\376\377\173\054\0006\172\340\000\040\140\073\176\323\116\016\134\125\147\033}{}% 36
\BOOKMARK [1][-]{section.6.1}{\376\377\0006\000.\0001\000\040\230\171\166\356\140\073\176\323}{chapter.6}% 37
\BOOKMARK [1][-]{section.6.2}{\376\377\0006\000.\0002\000\040\220\107\122\060\166\204\116\073\211\201\142\200\147\057\143\021\142\030\116\016\211\343\121\263\173\126\165\145}{chapter.6}% 38
\BOOKMARK [1][-]{section.6.3}{\376\377\0006\000.\0003\000\040\174\373\176\337\134\100\226\120\140\047\116\016\116\015\215\263}{chapter.6}% 39
\BOOKMARK [1][-]{section.6.4}{\376\377\0006\000.\0004\000\040\124\016\176\355\134\125\147\033}{chapter.6}% 40
\BOOKMARK [0][]{chapter*.44}{\376\377\201\364\214\042}{}% 41
\BOOKMARK [0][]{section*.45}{\376\377\123\302\200\003\145\207\163\056}{}% 42
